=== [1/3] 8도메인 dump 로드 (재추출 없음, 디스크 → RAM concat) ===
  [load] train/cloud: n=3200
  [load] test/cloud: n=800
  [load] train/coding: n=3200
  [load] test/coding: n=800
  [load] train/finance: n=3200
  [load] test/finance: n=800
  [load] train/messaging: n=3200
  [load] test/messaging: n=800
  [load] train/project: n=3200
  [load] test/project: n=800
  [load] train/shopping: n=3200
  [load] test/shopping: n=800
  [load] train/social_media: n=3200
  [load] test/social_media: n=800
  [load] train/web: n=3200
  [load] test/web: n=800
n_train=25600 n_test=6400 lh=960 hd=32768 (elapsed=29s)

=== [2/3] 표준화 통계 (청크 스트리밍) ===
표준화 통계 완료 (elapsed=205s)

=== [3/3] 학습: baseline(attn, K=1024) vs hybrid(attn+hidden) ===
    [attn] fp16 데이터 GPU 상주 성공 (device=cuda)
    [attn] epoch 5/200 elapsed=21s val_acc=0.950 val_risk=0.0361
    [attn] epoch 10/200 elapsed=41s val_acc=0.945 val_risk=0.0331
    [attn] epoch 15/200 elapsed=61s val_acc=0.952 val_risk=0.0277
    [attn] epoch 20/200 elapsed=82s val_acc=0.952 val_risk=0.0355
    [attn] epoch 25/200 elapsed=102s val_acc=0.944 val_risk=0.0342
    [attn] early stop @ epoch 30 (ckpt_metric=loss best=0.1523)
    [attn] 임계값 보정: misaligned bias=+1.40 (val risk 0.0361 → 0.0279)
[attn] Acc=0.973 FPR=0.0247 FNR=0.0078 risk=0.012 bias=+1.40 macroF1=0.969 (raw: FPR=0.0084 FNR=0.0194 risk=0.0166) (elapsed=129s)
    [hybrid] fp16 데이터 GPU 상주 성공 (device=cuda)
    [hybrid] epoch 5/200 elapsed=25s val_acc=0.951 val_risk=0.0411
    [hybrid] epoch 10/200 elapsed=49s val_acc=0.966 val_risk=0.0212
    [hybrid] epoch 15/200 elapsed=74s val_acc=0.968 val_risk=0.0158
    [hybrid] epoch 20/200 elapsed=98s val_acc=0.967 val_risk=0.0168
    [hybrid] epoch 25/200 elapsed=123s val_acc=0.957 val_risk=0.0354
    [hybrid] early stop @ epoch 27 (ckpt_metric=loss best=0.1262)
    [hybrid] 임계값 보정: misaligned bias=+0.90 (val risk 0.0208 → 0.0199)
[hybrid] Acc=0.975 FPR=0.0013 FNR=0.0175 risk=0.0134 bias=+0.90 macroF1=0.9704 (raw: FPR=0.0003 FNR=0.0228 risk=0.0172) (elapsed=141s)

결과 → results_hybrid_pooled_seg_lossckpt/pooled_metrics.json
