[Presidio+ko spaCy+KO regex]
data=/data/team/hwan/data/test.json
spacy_model=ko_core_news_lg
include=- exclude=-
loaded spaCy pipeline: ['tok2vec', 'tagger', 'morphologizer', 'parser', 'lemmatizer', 'attribute_ruler', 'ner']
sentences=4,891
  predicted 500/4,891
  predicted 1,000/4,891
  predicted 1,500/4,891
  predicted 2,000/4,891
  predicted 2,500/4,891
  predicted 3,000/4,891
  predicted 3,500/4,891
  predicted 4,000/4,891
  predicted 4,500/4,891

========================================================================
[test] Micro F1=0.5170 P=0.4744 R=0.5680
TP=777 FP=861 FN=591
Direct   F1=0.7515 P=0.6457 R=0.8989 TP=676 FP=371 FN=76
Indirect F1=0.1674 P=0.1709 R=0.1640 TP=101 FP=490 FN=515
========================================================================
  PS_NAME                F1=0.5543 P=0.4218 R=0.8079 TP= 143 FP= 196 FN=  34
  LC_ADDRESS             F1=0.4663 P=0.3255 R=0.8218 TP=  83 FP= 172 FN=  18
  OG_WORKPLACE           F1=0.2337 P=0.1910 R=0.3009 TP=  34 FP= 144 FN=  79
  OG_DEPARTMENT          F1=0.0000 P=0.0000 R=0.0000 TP=   0 FP=   0 FN=  99
  CV_POSITION            F1=0.0000 P=0.0000 R=0.0000 TP=   0 FP=   0 FN= 124
  OGG_EDUCATION          F1=0.0000 P=0.0000 R=0.0000 TP=   0 FP=   0 FN=  89
  QT_MOBILE              F1=1.0000 P=1.0000 R=1.0000 TP=  55 FP=   0 FN=   0
  QT_PHONE               F1=0.9853 P=1.0000 R=0.9710 TP=  67 FP=   0 FN=   2
  QT_RESIDENT_NUMBER     F1=1.0000 P=1.0000 R=1.0000 TP=  18 FP=   0 FN=   0
  QT_ALIEN_NUMBER        F1=1.0000 P=1.0000 R=1.0000 TP=   9 FP=   0 FN=   0
  QT_DRIVER_NUMBER       F1=0.4545 P=1.0000 R=0.2941 TP=   5 FP=   0 FN=  12
  QT_PLATE_NUMBER        F1=0.9703 P=1.0000 R=0.9423 TP=  49 FP=   0 FN=   3
  QT_ACCOUNT_NUMBER      F1=0.9610 P=0.9610 R=0.9610 TP=  74 FP=   3 FN=   3
  QT_CARD_NUMBER         F1=1.0000 P=1.0000 R=1.0000 TP=  78 FP=   0 FN=   0
  TMI_EMAIL              F1=0.9938 P=1.0000 R=0.9877 TP=  80 FP=   0 FN=   1
  QT_PASSPORT_NUMBER     F1=0.9091 P=1.0000 R=0.8333 TP=  15 FP=   0 FN=   3
  QT_AGE                 F1=0.0000 P=0.0000 R=0.0000 TP=   0 FP=   0 FN=  56
  DT_BIRTH               F1=0.2774 P=0.1622 R=0.9571 TP=  67 FP= 346 FN=   3
  FD_MAJOR               F1=0.0000 P=0.0000 R=0.0000 TP=   0 FP=   0 FN=  65

MD 저장: /data/team/hwan/results/presidio_ko_spacy_regex/eval_presidio_ko_spacy_regex_test_kdpii_full19_20260705_053109.md
JSON 저장: /data/team/hwan/results/presidio_ko_spacy_regex/eval_presidio_ko_spacy_regex_test_kdpii_full19_20260705_053109.json
