[ENTITY VOTE] 모델 1개 (min_votes=1):
  - models/privacy_filter_korean_Lora/seed42/inference
평가 데이터: /data/team/hwan/synthetic/test.json
라벨 필터: 전체 19개 라벨 평가

[models/privacy_filter_korean_Lora/seed42/inference] 예측 중...
Loading weights:   0%|          | 0/140 [00:00<?, ?it/s]Loading weights: 100%|██████████| 140/140 [00:00<00:00, 6086.58it/s]
  아키텍처: baseline  (795문장)

다수결 앙상블 (min_votes=1)...

====================================================================
[test / VOTE×1]  Micro F1=0.4013  P=0.7596  R=0.2727
  TP=376  FP=119  FN=1003
====================================================================
  PS_NAME                F1=0.0907 P=0.9697 R=0.0475  TP=   32 FP=    1 FN=  641
  LC_ADDRESS             F1=0.0200 P=0.5000 R=0.0102  TP=    1 FP=    1 FN=   97
  OG_WORKPLACE           F1=0.0370 P=0.1667 R=0.0208  TP=    1 FP=    5 FN=   47
  OG_DEPARTMENT          F1=0.0000 P=0.0000 R=0.0000  TP=    0 FP=    1 FN=   27
  CV_POSITION            F1=0.0000 P=0.0000 R=0.0000  TP=    0 FP=    0 FN=   11
  OGG_EDUCATION          F1=0.0000 P=0.0000 R=0.0000  TP=    0 FP=    6 FN=    0
  QT_MOBILE              F1=1.0000 P=1.0000 R=1.0000  TP=  123 FP=    0 FN=    0
  QT_PHONE               F1=0.9868 P=0.9740 R=1.0000  TP=   75 FP=    2 FN=    0
  QT_RESIDENT_NUMBER     F1=0.9677 P=0.9375 R=1.0000  TP=   15 FP=    1 FN=    0
  QT_ALIEN_NUMBER        F1=0.0000 P=0.0000 R=0.0000  TP=    0 FP=    2 FN=    0
  QT_DRIVER_NUMBER       F1=1.0000 P=1.0000 R=1.0000  TP=    3 FP=    0 FN=    0
  QT_PLATE_NUMBER        F1=0.8421 P=0.7273 R=1.0000  TP=    8 FP=    3 FN=    0
  QT_ACCOUNT_NUMBER      F1=0.8485 P=1.0000 R=0.7368  TP=   42 FP=    0 FN=   15
  QT_CARD_NUMBER         F1=0.9310 P=0.8710 R=1.0000  TP=   27 FP=    4 FN=    0
  TMI_EMAIL              F1=0.0000 P=0.0000 R=0.0000  TP=    0 FP=    0 FN=  140
  QT_PASSPORT_NUMBER     F1=0.0000 P=0.0000 R=0.0000  TP=    0 FP=    1 FN=    9
  QT_AGE                 F1=0.0000 P=0.0000 R=0.0000  TP=    0 FP=    3 FN=    0
  DT_BIRTH               F1=0.4851 P=0.3577 R=0.7538  TP=   49 FP=   88 FN=   16
  FD_MAJOR               F1=0.0000 P=0.0000 R=0.0000  TP=    0 FP=    1 FN=    0

MD 저장: /data/team/hwan/results/ensemble_vote/eval_vote_test_privacy_korean_lora_to_synth_20260704_142752.md
