[ENTITY VOTE] 모델 1개 (min_votes=1):
  - models/privacy_filter_korean_Lora_mixed_natural/seed42/inference
평가 데이터: /data/team/hwan/data/test.json
라벨 필터: 15개 평가, 4개 제외
  제외: OGG_EDUCATION, QT_ALIEN_NUMBER, QT_AGE, FD_MAJOR

[models/privacy_filter_korean_Lora_mixed_natural/seed42/inference] 예측 중...
Loading weights:   0%|          | 0/140 [00:00<?, ?it/s]Loading weights: 100%|██████████| 140/140 [00:00<00:00, 7238.42it/s]
  아키텍처: baseline  (4,891문장)

다수결 앙상블 (min_votes=1)...

====================================================================
[test / VOTE×1]  Micro F1=0.6077  P=0.9432  R=0.4482
  TP=515  FP=31  FN=634
  excluded gold entities=219  excluded predicted entities=58
====================================================================
  PS_NAME                F1=0.3583 P=0.6825 R=0.2429  TP=   43 FP=   20 FN=  134
  LC_ADDRESS             F1=0.2281 P=1.0000 R=0.1287  TP=   13 FP=    0 FN=   88
  OG_WORKPLACE           F1=0.0167 P=0.1429 R=0.0088  TP=    1 FP=    6 FN=  112
  OG_DEPARTMENT          F1=0.1308 P=0.8750 R=0.0707  TP=    7 FP=    1 FN=   92
  CV_POSITION            F1=0.3067 P=0.8846 R=0.1855  TP=   23 FP=    3 FN=  101
  QT_MOBILE              F1=1.0000 P=1.0000 R=1.0000  TP=   55 FP=    0 FN=    0
  QT_PHONE               F1=1.0000 P=1.0000 R=1.0000  TP=   69 FP=    0 FN=    0
  QT_RESIDENT_NUMBER     F1=1.0000 P=1.0000 R=1.0000  TP=   18 FP=    0 FN=    0
  QT_DRIVER_NUMBER       F1=0.6923 P=1.0000 R=0.5294  TP=    9 FP=    0 FN=    8
  QT_PLATE_NUMBER        F1=0.9600 P=1.0000 R=0.9231  TP=   48 FP=    0 FN=    4
  QT_ACCOUNT_NUMBER      F1=0.9000 P=1.0000 R=0.8182  TP=   63 FP=    0 FN=   14
  QT_CARD_NUMBER         F1=0.9388 P=1.0000 R=0.8846  TP=   69 FP=    0 FN=    9
  TMI_EMAIL              F1=0.5000 P=1.0000 R=0.3333  TP=   27 FP=    0 FN=   54
  QT_PASSPORT_NUMBER     F1=0.1053 P=1.0000 R=0.0556  TP=    1 FP=    0 FN=   17
  DT_BIRTH               F1=0.9857 P=0.9857 R=0.9857  TP=   69 FP=    1 FN=    1

MD 저장: /data/team/hwan/results/ensemble_vote/eval_vote_test_privacy_korean_lora_mixed_natural_seed42_to_kdpii_common15_20260705_004928.md
