[ENTITY VOTE] 모델 1개 (min_votes=1):
  - models/privacy_filter_korean_Lora/seed42/inference
평가 데이터: /data/team/hwan/data/test.json
라벨 필터: 전체 19개 라벨 평가

[models/privacy_filter_korean_Lora/seed42/inference] 예측 중...
Loading weights:   0%|          | 0/140 [00:00<?, ?it/s]Loading weights: 100%|██████████| 140/140 [00:00<00:00, 7279.07it/s]
  아키텍처: baseline  (4,891문장)

다수결 앙상블 (min_votes=1)...

====================================================================
[test / VOTE×1]  Micro F1=0.5756  P=0.9127  R=0.4203
  TP=575  FP=55  FN=793
====================================================================
  PS_NAME                F1=0.3760 P=0.6438 R=0.2655  TP=   47 FP=   26 FN=  130
  LC_ADDRESS             F1=0.2373 P=0.8235 R=0.1386  TP=   14 FP=    3 FN=   87
  OG_WORKPLACE           F1=0.0656 P=0.4444 R=0.0354  TP=    4 FP=    5 FN=  109
  OG_DEPARTMENT          F1=0.1481 P=0.8889 R=0.0808  TP=    8 FP=    1 FN=   91
  CV_POSITION            F1=0.2895 P=0.7857 R=0.1774  TP=   22 FP=    6 FN=  102
  OGG_EDUCATION          F1=0.1000 P=0.4545 R=0.0562  TP=    5 FP=    6 FN=   84
  QT_MOBILE              F1=1.0000 P=1.0000 R=1.0000  TP=   55 FP=    0 FN=    0
  QT_PHONE               F1=0.9928 P=0.9857 R=1.0000  TP=   69 FP=    1 FN=    0
  QT_RESIDENT_NUMBER     F1=1.0000 P=1.0000 R=1.0000  TP=   18 FP=    0 FN=    0
  QT_ALIEN_NUMBER        F1=1.0000 P=1.0000 R=1.0000  TP=    9 FP=    0 FN=    0
  QT_DRIVER_NUMBER       F1=0.6400 P=1.0000 R=0.4706  TP=    8 FP=    0 FN=    9
  QT_PLATE_NUMBER        F1=0.9703 P=1.0000 R=0.9423  TP=   49 FP=    0 FN=    3
  QT_ACCOUNT_NUMBER      F1=0.9014 P=0.9846 R=0.8312  TP=   64 FP=    1 FN=   13
  QT_CARD_NUMBER         F1=0.9530 P=1.0000 R=0.9103  TP=   71 FP=    0 FN=    7
  TMI_EMAIL              F1=0.5000 P=1.0000 R=0.3333  TP=   27 FP=    0 FN=   54
  QT_PASSPORT_NUMBER     F1=0.1053 P=1.0000 R=0.0556  TP=    1 FP=    0 FN=   17
  QT_AGE                 F1=0.6957 P=0.8889 R=0.5714  TP=   32 FP=    4 FN=   24
  DT_BIRTH               F1=0.9857 P=0.9857 R=0.9857  TP=   69 FP=    1 FN=    1
  FD_MAJOR               F1=0.0870 P=0.7500 R=0.0462  TP=    3 FP=    1 FN=   62

MD 저장: /data/team/hwan/results/ensemble_vote/eval_vote_test_privacy_korean_lora_to_kdpii_20260704_142823.md
