[ENTITY VOTE] 모델 3개 (min_votes=2):
  - models/skt_encoder_distill_crf_gaz_reg/seed42
  - models/skt_encoder_distill_crf_gaz_reg/seed43
  - models/skt_encoder_distill_crf_gaz_reg/seed44
평가 데이터: /data/team/hwan/synthetic/test.json
라벨 필터: 전체 19개 라벨 평가

[models/skt_encoder_distill_crf_gaz_reg/seed42] 예측 중...
Loading weights:   0%|          | 0/141 [00:00<?, ?it/s]Loading weights: 100%|██████████| 141/141 [00:00<00:00, 2664.67it/s]
  아키텍처: pii_hwan  (795문장)

[models/skt_encoder_distill_crf_gaz_reg/seed43] 예측 중...
Loading weights:   0%|          | 0/141 [00:00<?, ?it/s]Loading weights: 100%|██████████| 141/141 [00:00<00:00, 3186.10it/s]
  아키텍처: pii_hwan  (795문장)

[models/skt_encoder_distill_crf_gaz_reg/seed44] 예측 중...
Loading weights:   0%|          | 0/141 [00:00<?, ?it/s]Loading weights: 100%|██████████| 141/141 [00:00<00:00, 3457.69it/s]
  아키텍처: pii_hwan  (795문장)

다수결 앙상블 (min_votes=2)...

====================================================================
[test / VOTE×3]  Micro F1=0.8569  P=0.8475  R=0.8666
  TP=1195  FP=215  FN=184
====================================================================
  PS_NAME                F1=0.8979 P=0.9610 R=0.8425  TP=  567 FP=   23 FN=  106
  LC_ADDRESS             F1=0.7249 P=0.6336 R=0.8469  TP=   83 FP=   48 FN=   15
  OG_WORKPLACE           F1=0.7170 P=0.6552 R=0.7917  TP=   38 FP=   20 FN=   10
  OG_DEPARTMENT          F1=0.6250 P=0.4717 R=0.9259  TP=   25 FP=   28 FN=    2
  CV_POSITION            F1=0.2581 P=0.2000 R=0.3636  TP=    4 FP=   16 FN=    7
  OGG_EDUCATION          F1=0.0000 P=0.0000 R=0.0000  TP=    0 FP=    0 FN=    0
  QT_MOBILE              F1=0.9960 P=0.9919 R=1.0000  TP=  123 FP=    1 FN=    0
  QT_PHONE               F1=0.9554 P=0.9146 R=1.0000  TP=   75 FP=    7 FN=    0
  QT_RESIDENT_NUMBER     F1=0.7500 P=0.6000 R=1.0000  TP=   15 FP=   10 FN=    0
  QT_ALIEN_NUMBER        F1=0.0000 P=0.0000 R=0.0000  TP=    0 FP=    0 FN=    0
  QT_DRIVER_NUMBER       F1=0.2857 P=0.1667 R=1.0000  TP=    3 FP=   15 FN=    0
  QT_PLATE_NUMBER        F1=1.0000 P=1.0000 R=1.0000  TP=    8 FP=    0 FN=    0
  QT_ACCOUNT_NUMBER      F1=0.9074 P=0.9608 R=0.8596  TP=   49 FP=    2 FN=    8
  QT_CARD_NUMBER         F1=0.9643 P=0.9310 R=1.0000  TP=   27 FP=    2 FN=    0
  TMI_EMAIL              F1=0.9313 P=1.0000 R=0.8714  TP=  122 FP=    0 FN=   18
  QT_PASSPORT_NUMBER     F1=0.9474 P=0.9000 R=1.0000  TP=    9 FP=    1 FN=    0
  QT_AGE                 F1=0.0000 P=0.0000 R=0.0000  TP=    0 FP=    1 FN=    0
  DT_BIRTH               F1=0.6144 P=0.5341 R=0.7231  TP=   47 FP=   41 FN=   18
  FD_MAJOR               F1=0.0000 P=0.0000 R=0.0000  TP=    0 FP=    0 FN=    0

MD 저장: /data/team/hwan/results/ensemble_vote/eval_vote_test_skt_distill_crf_gaz_kdpii_x3_vote_to_synth_20260705_050637.md
