[ENTITY VOTE] 모델 3개 (min_votes=2):
  - models/skt_encoder_crf_gaz_kdpii_hard/seed42
  - models/skt_encoder_crf_gaz_kdpii_hard/seed43
  - models/skt_encoder_crf_gaz_kdpii_hard/seed44
평가 데이터: /data/team/hwan/data/test.json
라벨 필터: 15개 평가, 4개 제외
  제외: OGG_EDUCATION, QT_ALIEN_NUMBER, QT_AGE, FD_MAJOR

[models/skt_encoder_crf_gaz_kdpii_hard/seed42] 예측 중...
Loading weights:   0%|          | 0/141 [00:00<?, ?it/s]Loading weights:  55%|█████▌    | 78/141 [00:00<00:00, 779.72it/s]Loading weights: 100%|██████████| 141/141 [00:00<00:00, 1200.58it/s]
  아키텍처: pii_hwan  (4,891문장)

[models/skt_encoder_crf_gaz_kdpii_hard/seed43] 예측 중...
Loading weights:   0%|          | 0/141 [00:00<?, ?it/s]Loading weights: 100%|██████████| 141/141 [00:00<00:00, 2836.79it/s]
  아키텍처: pii_hwan  (4,891문장)

[models/skt_encoder_crf_gaz_kdpii_hard/seed44] 예측 중...
Loading weights:   0%|          | 0/141 [00:00<?, ?it/s]Loading weights: 100%|██████████| 141/141 [00:00<00:00, 3683.48it/s]
  아키텍처: pii_hwan  (4,891문장)

다수결 앙상블 (min_votes=2)...

====================================================================
[test / VOTE×3]  Micro F1=0.9670  P=0.9778  R=0.9565
  TP=1099  FP=25  FN=50
  excluded gold entities=219  excluded predicted entities=219
====================================================================
  PS_NAME                F1=0.9602 P=0.9657 R=0.9548  TP=  169 FP=    6 FN=    8
  LC_ADDRESS             F1=0.9453 P=0.9500 R=0.9406  TP=   95 FP=    5 FN=    6
  OG_WORKPLACE           F1=0.8654 P=0.9474 R=0.7965  TP=   90 FP=    5 FN=   23
  OG_DEPARTMENT          F1=1.0000 P=1.0000 R=1.0000  TP=   99 FP=    0 FN=    0
  CV_POSITION            F1=0.9136 P=0.9328 R=0.8952  TP=  111 FP=    8 FN=   13
  QT_MOBILE              F1=1.0000 P=1.0000 R=1.0000  TP=   55 FP=    0 FN=    0
  QT_PHONE               F1=1.0000 P=1.0000 R=1.0000  TP=   69 FP=    0 FN=    0
  QT_RESIDENT_NUMBER     F1=1.0000 P=1.0000 R=1.0000  TP=   18 FP=    0 FN=    0
  QT_DRIVER_NUMBER       F1=1.0000 P=1.0000 R=1.0000  TP=   17 FP=    0 FN=    0
  QT_PLATE_NUMBER        F1=1.0000 P=1.0000 R=1.0000  TP=   52 FP=    0 FN=    0
  QT_ACCOUNT_NUMBER      F1=1.0000 P=1.0000 R=1.0000  TP=   77 FP=    0 FN=    0
  QT_CARD_NUMBER         F1=1.0000 P=1.0000 R=1.0000  TP=   78 FP=    0 FN=    0
  TMI_EMAIL              F1=1.0000 P=1.0000 R=1.0000  TP=   81 FP=    0 FN=    0
  QT_PASSPORT_NUMBER     F1=1.0000 P=1.0000 R=1.0000  TP=   18 FP=    0 FN=    0
  DT_BIRTH               F1=0.9929 P=0.9859 R=1.0000  TP=   70 FP=    1 FN=    0

MD 저장: /data/team/hwan/results/ensemble_vote/eval_vote_test_skt_crf_gaz_kdpii_hard_x3_vote_to_kdpii_common15_20260705_042316.md
