[ENTITY VOTE] 모델 3개 (min_votes=2):
  - models/skt_encoder_crf_gaz_mixed_natural/seed42
  - models/skt_encoder_crf_gaz_mixed_natural/seed43
  - models/skt_encoder_crf_gaz_mixed_natural/seed44
평가 데이터: /data/team/hwan/synthetic/test.json
라벨 필터: 전체 19개 라벨 평가

[models/skt_encoder_crf_gaz_mixed_natural/seed42] 예측 중...
Loading weights:   0%|          | 0/141 [00:00<?, ?it/s]Loading weights: 100%|██████████| 141/141 [00:00<00:00, 3207.85it/s]
  아키텍처: pii_hwan  (795문장)

[models/skt_encoder_crf_gaz_mixed_natural/seed43] 예측 중...
Loading weights:   0%|          | 0/141 [00:00<?, ?it/s]Loading weights: 100%|██████████| 141/141 [00:00<00:00, 3623.56it/s]
  아키텍처: pii_hwan  (795문장)

[models/skt_encoder_crf_gaz_mixed_natural/seed44] 예측 중...
Loading weights:   0%|          | 0/141 [00:00<?, ?it/s]Loading weights: 100%|██████████| 141/141 [00:00<00:00, 2486.91it/s]
  아키텍처: pii_hwan  (795문장)

다수결 앙상블 (min_votes=2)...

====================================================================
[test / VOTE×3]  Micro F1=0.9504  P=0.9945  R=0.9101
  TP=1255  FP=7  FN=124
====================================================================
  PS_NAME                F1=0.9493 P=0.9984 R=0.9049  TP=  609 FP=    1 FN=   64
  LC_ADDRESS             F1=0.9171 P=1.0000 R=0.8469  TP=   83 FP=    0 FN=   15
  OG_WORKPLACE           F1=0.9247 P=0.9556 R=0.8958  TP=   43 FP=    2 FN=    5
  OG_DEPARTMENT          F1=0.9231 P=0.9600 R=0.8889  TP=   24 FP=    1 FN=    3
  CV_POSITION            F1=0.8421 P=1.0000 R=0.7273  TP=    8 FP=    0 FN=    3
  OGG_EDUCATION          F1=0.0000 P=0.0000 R=0.0000  TP=    0 FP=    0 FN=    0
  QT_MOBILE              F1=0.9960 P=0.9919 R=1.0000  TP=  123 FP=    1 FN=    0
  QT_PHONE               F1=0.9934 P=0.9868 R=1.0000  TP=   75 FP=    1 FN=    0
  QT_RESIDENT_NUMBER     F1=1.0000 P=1.0000 R=1.0000  TP=   15 FP=    0 FN=    0
  QT_ALIEN_NUMBER        F1=0.0000 P=0.0000 R=0.0000  TP=    0 FP=    0 FN=    0
  QT_DRIVER_NUMBER       F1=1.0000 P=1.0000 R=1.0000  TP=    3 FP=    0 FN=    0
  QT_PLATE_NUMBER        F1=1.0000 P=1.0000 R=1.0000  TP=    8 FP=    0 FN=    0
  QT_ACCOUNT_NUMBER      F1=0.9245 P=1.0000 R=0.8596  TP=   49 FP=    0 FN=    8
  QT_CARD_NUMBER         F1=1.0000 P=1.0000 R=1.0000  TP=   27 FP=    0 FN=    0
  TMI_EMAIL              F1=0.9313 P=1.0000 R=0.8714  TP=  122 FP=    0 FN=   18
  QT_PASSPORT_NUMBER     F1=1.0000 P=1.0000 R=1.0000  TP=    9 FP=    0 FN=    0
  QT_AGE                 F1=0.0000 P=0.0000 R=0.0000  TP=    0 FP=    1 FN=    0
  DT_BIRTH               F1=0.9344 P=1.0000 R=0.8769  TP=   57 FP=    0 FN=    8
  FD_MAJOR               F1=0.0000 P=0.0000 R=0.0000  TP=    0 FP=    0 FN=    0

MD 저장: /data/team/hwan/results/ensemble_vote/eval_vote_test_skt_crf_gaz_mixed_natural_x3_vote_to_synth_20260705_005031.md
