[ENTITY VOTE] 모델 1개 (min_votes=1):
  - models/xlm_roberta_large_mixed_natural/seed42
평가 데이터: /data/team/hwan/data/test.json
라벨 필터: 전체 19개 라벨 평가

[models/xlm_roberta_large_mixed_natural/seed42] 예측 중...
Loading weights:   0%|          | 0/391 [00:00<?, ?it/s]Loading weights: 100%|██████████| 391/391 [00:00<00:00, 5196.41it/s]
  아키텍처: baseline  (4,891문장)

다수결 앙상블 (min_votes=1)...

====================================================================
[test / VOTE×1]  Micro F1=0.9567  P=0.9609  R=0.9525
  TP=1303  FP=53  FN=65
====================================================================
  PS_NAME                F1=0.9348 P=0.9375 R=0.9322  TP=  165 FP=   11 FN=   12
  LC_ADDRESS             F1=0.8900 P=0.8990 R=0.8812  TP=   89 FP=   10 FN=   12
  OG_WORKPLACE           F1=0.8756 P=0.9135 R=0.8407  TP=   95 FP=    9 FN=   18
  OG_DEPARTMENT          F1=0.9849 P=0.9800 R=0.9899  TP=   98 FP=    2 FN=    1
  CV_POSITION            F1=0.8852 P=0.9000 R=0.8710  TP=  108 FP=   12 FN=   16
  OGG_EDUCATION          F1=0.9718 P=0.9773 R=0.9663  TP=   86 FP=    2 FN=    3
  QT_MOBILE              F1=0.9908 P=1.0000 R=0.9818  TP=   54 FP=    0 FN=    1
  QT_PHONE               F1=1.0000 P=1.0000 R=1.0000  TP=   69 FP=    0 FN=    0
  QT_RESIDENT_NUMBER     F1=1.0000 P=1.0000 R=1.0000  TP=   18 FP=    0 FN=    0
  QT_ALIEN_NUMBER        F1=1.0000 P=1.0000 R=1.0000  TP=    9 FP=    0 FN=    0
  QT_DRIVER_NUMBER       F1=0.9714 P=0.9444 R=1.0000  TP=   17 FP=    1 FN=    0
  QT_PLATE_NUMBER        F1=1.0000 P=1.0000 R=1.0000  TP=   52 FP=    0 FN=    0
  QT_ACCOUNT_NUMBER      F1=1.0000 P=1.0000 R=1.0000  TP=   77 FP=    0 FN=    0
  QT_CARD_NUMBER         F1=1.0000 P=1.0000 R=1.0000  TP=   78 FP=    0 FN=    0
  TMI_EMAIL              F1=1.0000 P=1.0000 R=1.0000  TP=   81 FP=    0 FN=    0
  QT_PASSPORT_NUMBER     F1=1.0000 P=1.0000 R=1.0000  TP=   18 FP=    0 FN=    0
  QT_AGE                 F1=0.9739 P=0.9492 R=1.0000  TP=   56 FP=    3 FN=    0
  DT_BIRTH               F1=0.9857 P=0.9857 R=0.9857  TP=   69 FP=    1 FN=    1
  FD_MAJOR               F1=0.9771 P=0.9697 R=0.9846  TP=   64 FP=    2 FN=    1

MD 저장: /data/team/hwan/results/ensemble_vote/eval_vote_test_xlm_mixed_natural_seed42_to_kdpii_full_20260705_004654.md
