[ENTITY VOTE] 모델 1개 (min_votes=1):
  - models/xlm_roberta_large_synthetic/seed42
평가 데이터: /data/team/hwan/data/test.json
라벨 필터: 15개 평가, 4개 제외
  제외: OGG_EDUCATION, QT_ALIEN_NUMBER, QT_AGE, FD_MAJOR

[models/xlm_roberta_large_synthetic/seed42] 예측 중...
Loading weights:   0%|          | 0/391 [00:00<?, ?it/s]Loading weights: 100%|██████████| 391/391 [00:00<00:00, 5488.02it/s]
  아키텍처: baseline  (4,891문장)

다수결 앙상블 (min_votes=1)...

====================================================================
[test / VOTE×1]  Micro F1=0.7009  P=0.7639  R=0.6475
  TP=744  FP=230  FN=405
  excluded gold entities=219  excluded predicted entities=9
====================================================================
  PS_NAME                F1=0.7747 P=0.7540 R=0.7966  TP=  141 FP=   46 FN=   36
  LC_ADDRESS             F1=0.1818 P=0.5500 R=0.1089  TP=   11 FP=    9 FN=   90
  OG_WORKPLACE           F1=0.5812 P=0.5620 R=0.6018  TP=   68 FP=   53 FN=   45
  OG_DEPARTMENT          F1=0.3885 P=0.6750 R=0.2727  TP=   27 FP=   13 FN=   72
  CV_POSITION            F1=0.4074 P=0.8684 R=0.2661  TP=   33 FP=    5 FN=   91
  QT_MOBILE              F1=0.9138 P=0.8689 R=0.9636  TP=   53 FP=    8 FN=    2
  QT_PHONE               F1=0.9128 P=0.8500 R=0.9855  TP=   68 FP=   12 FN=    1
  QT_RESIDENT_NUMBER     F1=0.8780 P=0.7826 R=1.0000  TP=   18 FP=    5 FN=    0
  QT_DRIVER_NUMBER       F1=0.7333 P=0.8462 R=0.6471  TP=   11 FP=    2 FN=    6
  QT_PLATE_NUMBER        F1=0.6585 P=0.9000 R=0.5192  TP=   27 FP=    3 FN=   25
  QT_ACCOUNT_NUMBER      F1=0.8242 P=0.7143 R=0.9740  TP=   75 FP=   30 FN=    2
  QT_CARD_NUMBER         F1=0.9427 P=0.9367 R=0.9487  TP=   74 FP=    5 FN=    4
  TMI_EMAIL              F1=0.8061 P=0.6870 R=0.9753  TP=   79 FP=   36 FN=    2
  QT_PASSPORT_NUMBER     F1=1.0000 P=1.0000 R=1.0000  TP=   18 FP=    0 FN=    0
  DT_BIRTH               F1=0.7193 P=0.9318 R=0.5857  TP=   41 FP=    3 FN=   29

MD 저장: /data/team/hwan/results/ensemble_vote/eval_vote_test_xlm_synth_seed42_to_kdpii_common15_20260704_153200.md
