[ENTITY VOTE] 모델 1개 (min_votes=1):
  - models/xlm_roberta_large/seed42
평가 데이터: /data/team/hwan/data/test.json
라벨 필터: 15개 평가, 4개 제외
  제외: OGG_EDUCATION, QT_ALIEN_NUMBER, QT_AGE, FD_MAJOR

[models/xlm_roberta_large/seed42] 예측 중...
Loading weights:   0%|          | 0/391 [00:00<?, ?it/s]Loading weights: 100%|██████████| 391/391 [00:00<00:00, 6043.73it/s]
  아키텍처: baseline  (4,891문장)

다수결 앙상블 (min_votes=1)...

====================================================================
[test / VOTE×1]  Micro F1=0.9554  P=0.9604  R=0.9504
  TP=1092  FP=45  FN=57
  excluded gold entities=219  excluded predicted entities=224
====================================================================
  PS_NAME                F1=0.9275 P=0.9524 R=0.9040  TP=  160 FP=    8 FN=   17
  LC_ADDRESS             F1=0.9109 P=0.9109 R=0.9109  TP=   92 FP=    9 FN=    9
  OG_WORKPLACE           F1=0.8818 P=0.9065 R=0.8584  TP=   97 FP=   10 FN=   16
  OG_DEPARTMENT          F1=0.9950 P=0.9900 R=1.0000  TP=   99 FP=    1 FN=    0
  CV_POSITION            F1=0.8871 P=0.8871 R=0.8871  TP=  110 FP=   14 FN=   14
  QT_MOBILE              F1=0.9908 P=1.0000 R=0.9818  TP=   54 FP=    0 FN=    1
  QT_PHONE               F1=1.0000 P=1.0000 R=1.0000  TP=   69 FP=    0 FN=    0
  QT_RESIDENT_NUMBER     F1=1.0000 P=1.0000 R=1.0000  TP=   18 FP=    0 FN=    0
  QT_DRIVER_NUMBER       F1=0.9714 P=0.9444 R=1.0000  TP=   17 FP=    1 FN=    0
  QT_PLATE_NUMBER        F1=1.0000 P=1.0000 R=1.0000  TP=   52 FP=    0 FN=    0
  QT_ACCOUNT_NUMBER      F1=0.9935 P=0.9872 R=1.0000  TP=   77 FP=    1 FN=    0
  QT_CARD_NUMBER         F1=1.0000 P=1.0000 R=1.0000  TP=   78 FP=    0 FN=    0
  TMI_EMAIL              F1=1.0000 P=1.0000 R=1.0000  TP=   81 FP=    0 FN=    0
  QT_PASSPORT_NUMBER     F1=1.0000 P=1.0000 R=1.0000  TP=   18 FP=    0 FN=    0
  DT_BIRTH               F1=0.9929 P=0.9859 R=1.0000  TP=   70 FP=    1 FN=    0

MD 저장: /data/team/hwan/results/ensemble_vote/eval_vote_test_xlm_kdpii_seed42_to_kdpii_common15_20260705_050443.md
