[ENTITY VOTE] 모델 1개 (min_votes=1):
  - models/xlm_roberta_large_mixed_natural/seed42
평가 데이터: /data/team/hwan/data/test.json
라벨 필터: 15개 평가, 4개 제외
  제외: OGG_EDUCATION, QT_ALIEN_NUMBER, QT_AGE, FD_MAJOR

[models/xlm_roberta_large_mixed_natural/seed42] 예측 중...
Loading weights:   0%|          | 0/391 [00:00<?, ?it/s]Loading weights: 100%|██████████| 391/391 [00:00<00:00, 5448.43it/s]
  아키텍처: baseline  (4,891문장)

다수결 앙상블 (min_votes=1)...

====================================================================
[test / VOTE×1]  Micro F1=0.9531  P=0.9594  R=0.9469
  TP=1088  FP=46  FN=61
  excluded gold entities=219  excluded predicted entities=223
====================================================================
  PS_NAME                F1=0.9348 P=0.9375 R=0.9322  TP=  165 FP=   11 FN=   12
  LC_ADDRESS             F1=0.8900 P=0.8990 R=0.8812  TP=   89 FP=   10 FN=   12
  OG_WORKPLACE           F1=0.8756 P=0.9135 R=0.8407  TP=   95 FP=    9 FN=   18
  OG_DEPARTMENT          F1=0.9849 P=0.9800 R=0.9899  TP=   98 FP=    2 FN=    1
  CV_POSITION            F1=0.8852 P=0.9000 R=0.8710  TP=  108 FP=   12 FN=   16
  QT_MOBILE              F1=0.9908 P=1.0000 R=0.9818  TP=   54 FP=    0 FN=    1
  QT_PHONE               F1=1.0000 P=1.0000 R=1.0000  TP=   69 FP=    0 FN=    0
  QT_RESIDENT_NUMBER     F1=1.0000 P=1.0000 R=1.0000  TP=   18 FP=    0 FN=    0
  QT_DRIVER_NUMBER       F1=0.9714 P=0.9444 R=1.0000  TP=   17 FP=    1 FN=    0
  QT_PLATE_NUMBER        F1=1.0000 P=1.0000 R=1.0000  TP=   52 FP=    0 FN=    0
  QT_ACCOUNT_NUMBER      F1=1.0000 P=1.0000 R=1.0000  TP=   77 FP=    0 FN=    0
  QT_CARD_NUMBER         F1=1.0000 P=1.0000 R=1.0000  TP=   78 FP=    0 FN=    0
  TMI_EMAIL              F1=1.0000 P=1.0000 R=1.0000  TP=   81 FP=    0 FN=    0
  QT_PASSPORT_NUMBER     F1=1.0000 P=1.0000 R=1.0000  TP=   18 FP=    0 FN=    0
  DT_BIRTH               F1=0.9857 P=0.9857 R=0.9857  TP=   69 FP=    1 FN=    1

MD 저장: /data/team/hwan/results/ensemble_vote/eval_vote_test_xlm_mixed_natural_seed42_to_kdpii_common15_20260705_004714.md
